construction\coatings\entity_external\CoatingsMachinery.class
construction\foundation\entity_external\FoundationMaterialRepository.class
construction\hydraulic\entity_external\HydraulicMachineryRepository.class
construction\eletric\entity_external\EletricPhotoRecord.class
construction\masonry\MasonryController$ErrorDTO.class
construction\terrain_preparation\TerrainPreparationDTO.class
construction\terrain_preparation\entity_external\TerrainPreparationExecutedService.class
construction\finishing\entity_external\FinishingExecutedService.class
construction\structure\entity_external\StructureToolRepository.class
construction\foundation\Foundation.class
construction\hydraulic\entity_external\HydraulicTeamMemberRepository.class
construction\coatings\entity_external\CoatingsPhotoRecordService.class
construction\roofing\entity_external\RoofingTool.class
construction\components\used_material\Material.class
construction\masonry\entity_external\MasonryTeamMember.class
construction\roofing\entity_external\RoofingToolRepository.class
construction\hydraulic\entity_external\HydraulicMachineryService.class
construction\finishing\Finishing.class
construction\components\photo\PhotoRecordService.class
construction\hydraulic\HydraulicController.class
construction\components\team_present\TeamMemberDTO.class
construction\components\tools\ToolCondition.class
construction\structure\entity_external\StructureMaterialService.class
construction\components\team_present\TeamMemberDetails.class
construction\eletric\entity_external\EletricTeamMember.class
construction\masonry\entity_external\MasonryTeamMemberService.class
construction\eletric\entity_external\EletricToolRepository.class
construction\roofing\entity_external\RoofingTeamMemberService.class
construction\structure\entity_external\StructureExecutedService.class
construction\structure\entity_external\StructureMachineryRepository.class
construction\terrain_preparation\entity_external\TerrainPreparationTeamMemberService.class
construction\eletric\EletricRepository.class
construction\eletric\entity_external\EletricTeamMemberRepository.class
construction\structure\StructureRepository.class
construction\eletric\entity_external\EletricTool.class
construction\masonry\entity_external\MasonryExecutedServiceRepository.class
construction\masonry\entity_external\MasonryExecutedServiceService.class
construction\service\AbstractPhaseComponentService.class
construction\masonry\entity_external\MasonryMaterial.class
construction\finishing\entity_external\FinishingToolRepository.class
construction\foundation\entity_external\FoundationPhotoRecordRepository.class
construction\eletric\Eletric.class
construction\finishing\entity_external\FinishingPhotoRecord.class
construction\foundation\entity_external\FoundationMachineryService.class
construction\roofing\entity_external\RoofingMaterial.class
construction\components\used_material\MaterialUnit.class
construction\finishing\entity_external\FinishingMaterialService.class
construction\roofing\entity_external\RoofingMachinery.class
construction\terrain_preparation\entity_external\TerrainPreparationGeneralInformation.class
construction\hydraulic\entity_external\HydraulicExecutedServiceService.class
construction\components\executed_services\ExecutedServiceRepository.class
construction\terrain_preparation\entity_external\TerrainPreparationPhotoRecordService.class
construction\components\photo\PhotoRecordDTO.class
construction\structure\entity_external\StructurePhotoRecordRepository.class
construction\hydraulic\entity_external\HydraulicMaterialService.class
construction\components\executed_services\ExecutedServiceDTO.class
construction\hydraulic\entity_external\HydraulicExecutedService.class
construction\eletric\entity_external\EletricMachinery.class
construction\coatings\CoatingsController$ResponseDTO.class
construction\foundation\entity_external\FoundationTeamMember.class
construction\structure\entity_external\StructureMachinery.class
construction\terrain_preparation\TerrainPreparationRepository.class
construction\foundation\FoundationController$ResponseDTO.class
construction\components\photo\PhotoRecordRepository.class
construction\GreetingResource.class
construction\hydraulic\entity_external\HydraulicTool.class
construction\terrain_preparation\TerrainPreparationController$ResponseDTO.class
construction\terrain_preparation\entity_external\TerrainPreparationPhotoRecord.class
construction\coatings\CoatingsController.class
construction\eletric\entity_external\EletricExecutedServiceRepository.class
construction\finishing\entity_external\FinishingMachineryService.class
construction\coatings\entity_external\CoatingsMachineryRepository.class
construction\finishing\entity_external\FinishingTeamMemberRepository.class
construction\roofing\entity_external\RoofingPhotoRecordRepository.class
construction\user\UserController.class
construction\components\used_material\MaterialDTO.class
construction\finishing\entity_external\FinishingPhotoRecordService.class
construction\eletric\entity_external\EletricExecutedService.class
construction\roofing\entity_external\RoofingMachineryRepository.class
construction\roofing\Roofing.class
construction\hydraulic\entity_external\HydraulicTeamMember.class
construction\roofing\RoofingController$ErrorDTO.class
construction\user\UserRepository.class
construction\foundation\FoundationRepository.class
construction\foundation\entity_external\FoundationPhotoRecordService.class
construction\components\used_material\MaterialRepository.class
construction\eletric\entity_external\EletricToolService.class
construction\finishing\FinishingRepository.class
construction\structure\entity_external\StructureTeamMemberService.class
construction\components\tools\Tool.class
construction\components\executed_services\ExecutedServiceService.class
construction\components\tools\ToolDTO.class
construction\foundation\entity_external\FoundationMachinery.class
construction\terrain_preparation\entity_external\TerrainPreparationGeneralInformationRepository.class
construction\user\UserDTO.class
construction\terrain_preparation\TerrainPreparationService.class
construction\hydraulic\entity_external\HydraulicPhotoRecordService.class
construction\eletric\entity_external\EletricMachineryRepository.class
construction\eletric\EletricController$ResponseDTO.class
construction\coatings\entity_external\CoatingsMaterialRepository.class
construction\finishing\FinishingController.class
construction\hydraulic\HydraulicController$ErrorDTO.class
construction\masonry\entity_external\MasonryPhotoRecordRepository.class
construction\structure\StructureController$ErrorDTO.class
construction\components\machinery\Machinery.class
construction\foundation\FoundationController$ErrorDTO.class
construction\roofing\entity_external\RoofingMaterialService.class
construction\hydraulic\entity_external\HydraulicTeamMemberService.class
construction\components\machinery\MachineryRepository.class
construction\terrain_preparation\entity_external\TerrainPreparationTool.class
construction\user\UserRole.class
construction\components\team_present\TeamMember.class
construction\finishing\FinishingController$ErrorDTO.class
construction\components\machinery\MachineryDTO.class
construction\foundation\FoundationDTO.class
construction\masonry\MasonryController$ResponseDTO.class
construction\terrain_preparation\entity_external\TerrainPreparationMachineryService.class
construction\coatings\entity_external\CoatingsPhotoRecord.class
construction\structure\entity_external\StructureExecutedServiceService.class
construction\terrain_preparation\entity_external\TerrainPreparationTeamMemberRepository.class
construction\hydraulic\entity_external\HydraulicPhotoRecordRepository.class
construction\foundation\entity_external\FoundationTool.class
construction\structure\entity_external\StructureMaterial.class
construction\roofing\RoofingService.class
construction\eletric\entity_external\EletricTeamMemberService.class
construction\structure\StructureController$ResponseDTO.class
construction\masonry\entity_external\MasonryMachineryService.class
construction\coatings\CoatingsDTO.class
construction\roofing\entity_external\RoofingTeamMemberRepository.class
construction\finishing\entity_external\FinishingExecutedServiceService.class
construction\coatings\CoatingsRepository.class
construction\foundation\entity_external\FoundationTeamMemberRepository.class
construction\foundation\entity_external\FoundationExecutedService.class
construction\components\machinery\Condition.class
construction\components\machinery\MachineryService.class
construction\hydraulic\entity_external\HydraulicToolService.class
construction\masonry\entity_external\MasonryMaterialService.class
construction\coatings\entity_external\CoatingsToolService.class
construction\hydraulic\entity_external\HydraulicMachinery.class
construction\hydraulic\Hydraulic.class
construction\user\UserService.class
construction\structure\entity_external\StructureTeamMember.class
construction\terrain_preparation\TerrainPreparationController.class
construction\coatings\CoatingsService.class
construction\coatings\entity_external\CoatingsMaterialService.class
construction\structure\entity_external\StructurePhotoRecordService.class
construction\masonry\Masonry.class
construction\hydraulic\entity_external\HydraulicPhotoRecord.class
construction\user\UserDTO$PII.class
construction\masonry\entity_external\MasonryMachinery.class
construction\components\team_present\MemberStatus.class
construction\finishing\entity_external\FinishingTeamMember.class
construction\components\tools\ToolService.class
construction\hydraulic\HydraulicRepository.class
construction\finishing\entity_external\FinishingPhotoRecordRepository.class
construction\coatings\entity_external\CoatingsTeamMemberService.class
construction\components\photo\PhotoRecord.class
construction\roofing\entity_external\RoofingExecutedServiceRepository.class
construction\structure\entity_external\StructureToolService.class
construction\coatings\entity_external\CoatingsTeamMember.class
construction\roofing\entity_external\RoofingTeamMember.class
construction\hydraulic\entity_external\HydraulicMaterialRepository.class
construction\coatings\CoatingsController$ErrorDTO.class
construction\roofing\entity_external\RoofingPhotoRecordService.class
construction\roofing\RoofingController$ResponseDTO.class
construction\components\machinery\FuelUnit.class
construction\terrain_preparation\entity_external\TerrainPreparationToolRepository.class
construction\coatings\entity_external\CoatingsExecutedServiceService.class
construction\eletric\EletricService.class
construction\terrain_preparation\entity_external\TerrainPreparationGeneralInformationService.class
construction\finishing\entity_external\FinishingMaterialRepository.class
construction\components\tools\ToolRepository.class
construction\masonry\entity_external\MasonryTool.class
construction\finishing\entity_external\FinishingToolService.class
construction\finishing\FinishingService.class
construction\eletric\entity_external\EletricMaterialRepository.class
construction\structure\StructureController.class
construction\eletric\EletricController.class
construction\finishing\FinishingDTO.class
construction\finishing\entity_external\FinishingMachineryRepository.class
construction\foundation\entity_external\FoundationExecutedServiceService.class
construction\eletric\entity_external\EletricMaterialService.class
construction\finishing\FinishingController$ResponseDTO.class
construction\finishing\entity_external\FinishingTeamMemberService.class
construction\terrain_preparation\entity_external\TerrainPreparationPhotoRecordRepository.class
construction\structure\Structure.class
construction\coatings\entity_external\CoatingsMaterial.class
construction\terrain_preparation\entity_external\TerrainPreparationMaterial.class
construction\foundation\entity_external\FoundationMachineryRepository.class
construction\structure\entity_external\StructureMaterialRepository.class
construction\masonry\MasonryRepository.class
construction\roofing\RoofingController.class
construction\foundation\FoundationService.class
construction\components\executed_services\ExecutedService.class
construction\finishing\entity_external\FinishingMaterial.class
construction\eletric\entity_external\EletricMaterial.class
construction\components\general_information\GeneralInformation.class
construction\terrain_preparation\entity_external\TerrainPreparationToolService.class
construction\coatings\Coatings.class
construction\eletric\entity_external\EletricPhotoRecordRepository.class
construction\components\photo\PhotoCategory.class
construction\components\used_material\MaterialService.class
construction\masonry\entity_external\MasonryToolRepository.class
construction\terrain_preparation\TerrainPreparation.class
construction\components\team_present\TeamMemberRepository.class
construction\roofing\entity_external\RoofingExecutedServiceService.class
construction\terrain_preparation\TerrainPreparationController$ErrorDTO.class
construction\roofing\entity_external\RoofingExecutedService.class
construction\roofing\RoofingDTO.class
construction\foundation\entity_external\FoundationMaterial.class
construction\eletric\EletricDTO.class
construction\coatings\entity_external\CoatingsPhotoRecordRepository.class
construction\terrain_preparation\entity_external\TerrainPreparationExecutedServiceService.class
construction\terrain_preparation\TerrainPreparationDTO$GeneralInfoDTO.class
construction\CorsFilter.class
construction\masonry\MasonryController.class
construction\structure\entity_external\StructurePhotoRecord.class
construction\finishing\entity_external\FinishingMachinery.class
construction\foundation\FoundationController.class
construction\finishing\entity_external\FinishingTool.class
construction\hydraulic\HydraulicDTO.class
construction\masonry\entity_external\MasonryMaterialRepository.class
construction\coatings\entity_external\CoatingsExecutedServiceRepository.class
construction\masonry\entity_external\MasonryPhotoRecord.class
construction\masonry\MasonryService.class
construction\masonry\MasonryDTO.class
construction\foundation\entity_external\FoundationToolService.class
construction\components\used_material\MaterialCategory.class
construction\roofing\entity_external\RoofingToolService.class
construction\foundation\entity_external\FoundationToolRepository.class
construction\roofing\entity_external\RoofingMaterialRepository.class
construction\terrain_preparation\entity_external\TerrainPreparationExecutedRepository.class
construction\coatings\entity_external\CoatingsTool.class
construction\terrain_preparation\entity_external\TerrainPreparationMaterialRepository.class
construction\roofing\entity_external\RoofingMachineryService.class
construction\terrain_preparation\entity_external\TerrainPreparationTeamMember.class
construction\masonry\entity_external\MasonryToolService.class
construction\roofing\entity_external\RoofingPhotoRecord.class
construction\structure\entity_external\StructureExecutedServiceRepository.class
construction\components\team_present\TeamMemberService.class
construction\eletric\entity_external\EletricPhotoRecordService.class
construction\finishing\entity_external\FinishingExecutedServiceRepository.class
construction\user\User.class
construction\structure\entity_external\StructureTeamMemberRepository.class
construction\coatings\entity_external\CoatingsMachineryService.class
construction\structure\entity_external\StructureTool.class
construction\foundation\entity_external\FoundationPhotoRecord.class
construction\hydraulic\entity_external\HydraulicToolRepository.class
construction\eletric\entity_external\EletricExecutedServiceService.class
construction\roofing\RoofingRepository.class
construction\coatings\entity_external\CoatingsExecutedService.class
construction\coatings\entity_external\CoatingsToolRepository.class
construction\structure\StructureDTO.class
construction\masonry\entity_external\MasonryMachineryRepository.class
construction\masonry\entity_external\MasonryExecutedService.class
construction\coatings\entity_external\CoatingsTeamMemberRepository.class
construction\hydraulic\entity_external\HydraulicMaterial.class
construction\eletric\entity_external\EletricMachineryService.class
construction\masonry\entity_external\MasonryTeamMemberRepository.class
construction\foundation\entity_external\FoundationExecutedServiceRepository.class
construction\terrain_preparation\entity_external\TerrainPreparationMaterialService.class
construction\structure\entity_external\StructureMachineryService.class
construction\structure\StructureService.class
construction\components\executed_services\ExecutedServiceStatus.class
construction\hydraulic\HydraulicController$ResponseDTO.class
construction\terrain_preparation\entity_external\TerrainPreparationMachineryRepository.class
construction\foundation\entity_external\FoundationMaterialService.class
construction\terrain_preparation\entity_external\TerrainPreparationMachinery.class
construction\hydraulic\HydraulicService.class
construction\masonry\entity_external\MasonryPhotoRecordService.class
construction\eletric\EletricController$ErrorDTO.class
construction\foundation\entity_external\FoundationTeamMemberService.class
construction\hydraulic\entity_external\HydraulicExecutedServiceRepository.class
