C:\Users\bruni\OneDrive\Área de Trabalho\Prog\PI4\clarifica-API\micro-management-contruction\src\main\java\construction\coatings\Coatings.java
C:\Users\bruni\OneDrive\Área de Trabalho\Prog\PI4\clarifica-API\micro-management-contruction\src\main\java\construction\coatings\CoatingsController.java
C:\Users\bruni\OneDrive\Área de Trabalho\Prog\PI4\clarifica-API\micro-management-contruction\src\main\java\construction\coatings\CoatingsDTO.java
C:\Users\bruni\OneDrive\Área de Trabalho\Prog\PI4\clarifica-API\micro-management-contruction\src\main\java\construction\coatings\CoatingsRepository.java
C:\Users\bruni\OneDrive\Área de Trabalho\Prog\PI4\clarifica-API\micro-management-contruction\src\main\java\construction\coatings\CoatingsService.java
C:\Users\bruni\OneDrive\Área de Trabalho\Prog\PI4\clarifica-API\micro-management-contruction\src\main\java\construction\coatings\entity_external\CoatingsExecutedService.java
C:\Users\bruni\OneDrive\Área de Trabalho\Prog\PI4\clarifica-API\micro-management-contruction\src\main\java\construction\coatings\entity_external\CoatingsExecutedServiceRepository.java
C:\Users\bruni\OneDrive\Área de Trabalho\Prog\PI4\clarifica-API\micro-management-contruction\src\main\java\construction\coatings\entity_external\CoatingsExecutedServiceService.java
C:\Users\bruni\OneDrive\Área de Trabalho\Prog\PI4\clarifica-API\micro-management-contruction\src\main\java\construction\coatings\entity_external\CoatingsMachinery.java
C:\Users\bruni\OneDrive\Área de Trabalho\Prog\PI4\clarifica-API\micro-management-contruction\src\main\java\construction\coatings\entity_external\CoatingsMachineryRepository.java
C:\Users\bruni\OneDrive\Área de Trabalho\Prog\PI4\clarifica-API\micro-management-contruction\src\main\java\construction\coatings\entity_external\CoatingsMachineryService.java
C:\Users\bruni\OneDrive\Área de Trabalho\Prog\PI4\clarifica-API\micro-management-contruction\src\main\java\construction\coatings\entity_external\CoatingsMaterial.java
C:\Users\bruni\OneDrive\Área de Trabalho\Prog\PI4\clarifica-API\micro-management-contruction\src\main\java\construction\coatings\entity_external\CoatingsMaterialRepository.java
C:\Users\bruni\OneDrive\Área de Trabalho\Prog\PI4\clarifica-API\micro-management-contruction\src\main\java\construction\coatings\entity_external\CoatingsMaterialService.java
C:\Users\bruni\OneDrive\Área de Trabalho\Prog\PI4\clarifica-API\micro-management-contruction\src\main\java\construction\coatings\entity_external\CoatingsPhotoRecord.java
C:\Users\bruni\OneDrive\Área de Trabalho\Prog\PI4\clarifica-API\micro-management-contruction\src\main\java\construction\coatings\entity_external\CoatingsPhotoRecordRepository.java
C:\Users\bruni\OneDrive\Área de Trabalho\Prog\PI4\clarifica-API\micro-management-contruction\src\main\java\construction\coatings\entity_external\CoatingsPhotoRecordService.java
C:\Users\bruni\OneDrive\Área de Trabalho\Prog\PI4\clarifica-API\micro-management-contruction\src\main\java\construction\coatings\entity_external\CoatingsTeamMember.java
C:\Users\bruni\OneDrive\Área de Trabalho\Prog\PI4\clarifica-API\micro-management-contruction\src\main\java\construction\coatings\entity_external\CoatingsTeamMemberRepository.java
C:\Users\bruni\OneDrive\Área de Trabalho\Prog\PI4\clarifica-API\micro-management-contruction\src\main\java\construction\coatings\entity_external\CoatingsTeamMemberService.java
C:\Users\bruni\OneDrive\Área de Trabalho\Prog\PI4\clarifica-API\micro-management-contruction\src\main\java\construction\coatings\entity_external\CoatingsTool.java
C:\Users\bruni\OneDrive\Área de Trabalho\Prog\PI4\clarifica-API\micro-management-contruction\src\main\java\construction\coatings\entity_external\CoatingsToolRepository.java
C:\Users\bruni\OneDrive\Área de Trabalho\Prog\PI4\clarifica-API\micro-management-contruction\src\main\java\construction\coatings\entity_external\CoatingsToolService.java
C:\Users\bruni\OneDrive\Área de Trabalho\Prog\PI4\clarifica-API\micro-management-contruction\src\main\java\construction\components\executed_services\ExecutedService.java
C:\Users\bruni\OneDrive\Área de Trabalho\Prog\PI4\clarifica-API\micro-management-contruction\src\main\java\construction\components\executed_services\ExecutedServiceDTO.java
C:\Users\bruni\OneDrive\Área de Trabalho\Prog\PI4\clarifica-API\micro-management-contruction\src\main\java\construction\components\executed_services\ExecutedServiceRepository.java
C:\Users\bruni\OneDrive\Área de Trabalho\Prog\PI4\clarifica-API\micro-management-contruction\src\main\java\construction\components\executed_services\ExecutedServiceService.java
C:\Users\bruni\OneDrive\Área de Trabalho\Prog\PI4\clarifica-API\micro-management-contruction\src\main\java\construction\components\executed_services\ExecutedServiceStatus.java
C:\Users\bruni\OneDrive\Área de Trabalho\Prog\PI4\clarifica-API\micro-management-contruction\src\main\java\construction\components\general_information\GeneralInformation.java
C:\Users\bruni\OneDrive\Área de Trabalho\Prog\PI4\clarifica-API\micro-management-contruction\src\main\java\construction\components\machinery\Condition.java
C:\Users\bruni\OneDrive\Área de Trabalho\Prog\PI4\clarifica-API\micro-management-contruction\src\main\java\construction\components\machinery\FuelUnit.java
C:\Users\bruni\OneDrive\Área de Trabalho\Prog\PI4\clarifica-API\micro-management-contruction\src\main\java\construction\components\machinery\Machinery.java
C:\Users\bruni\OneDrive\Área de Trabalho\Prog\PI4\clarifica-API\micro-management-contruction\src\main\java\construction\components\machinery\MachineryDTO.java
C:\Users\bruni\OneDrive\Área de Trabalho\Prog\PI4\clarifica-API\micro-management-contruction\src\main\java\construction\components\machinery\MachineryRepository.java
C:\Users\bruni\OneDrive\Área de Trabalho\Prog\PI4\clarifica-API\micro-management-contruction\src\main\java\construction\components\machinery\MachineryService.java
C:\Users\bruni\OneDrive\Área de Trabalho\Prog\PI4\clarifica-API\micro-management-contruction\src\main\java\construction\components\photo\PhotoCategory.java
C:\Users\bruni\OneDrive\Área de Trabalho\Prog\PI4\clarifica-API\micro-management-contruction\src\main\java\construction\components\photo\PhotoRecord.java
C:\Users\bruni\OneDrive\Área de Trabalho\Prog\PI4\clarifica-API\micro-management-contruction\src\main\java\construction\components\photo\PhotoRecordDTO.java
C:\Users\bruni\OneDrive\Área de Trabalho\Prog\PI4\clarifica-API\micro-management-contruction\src\main\java\construction\components\photo\PhotoRecordRepository.java
C:\Users\bruni\OneDrive\Área de Trabalho\Prog\PI4\clarifica-API\micro-management-contruction\src\main\java\construction\components\photo\PhotoRecordService.java
C:\Users\bruni\OneDrive\Área de Trabalho\Prog\PI4\clarifica-API\micro-management-contruction\src\main\java\construction\components\team_present\MemberStatus.java
C:\Users\bruni\OneDrive\Área de Trabalho\Prog\PI4\clarifica-API\micro-management-contruction\src\main\java\construction\components\team_present\TeamMember.java
C:\Users\bruni\OneDrive\Área de Trabalho\Prog\PI4\clarifica-API\micro-management-contruction\src\main\java\construction\components\team_present\TeamMemberDetails.java
C:\Users\bruni\OneDrive\Área de Trabalho\Prog\PI4\clarifica-API\micro-management-contruction\src\main\java\construction\components\team_present\TeamMemberDTO.java
C:\Users\bruni\OneDrive\Área de Trabalho\Prog\PI4\clarifica-API\micro-management-contruction\src\main\java\construction\components\team_present\TeamMemberRepository.java
C:\Users\bruni\OneDrive\Área de Trabalho\Prog\PI4\clarifica-API\micro-management-contruction\src\main\java\construction\components\team_present\TeamMemberService.java
C:\Users\bruni\OneDrive\Área de Trabalho\Prog\PI4\clarifica-API\micro-management-contruction\src\main\java\construction\components\tools\Tool.java
C:\Users\bruni\OneDrive\Área de Trabalho\Prog\PI4\clarifica-API\micro-management-contruction\src\main\java\construction\components\tools\ToolCondition.java
C:\Users\bruni\OneDrive\Área de Trabalho\Prog\PI4\clarifica-API\micro-management-contruction\src\main\java\construction\components\tools\ToolDTO.java
C:\Users\bruni\OneDrive\Área de Trabalho\Prog\PI4\clarifica-API\micro-management-contruction\src\main\java\construction\components\tools\ToolRepository.java
C:\Users\bruni\OneDrive\Área de Trabalho\Prog\PI4\clarifica-API\micro-management-contruction\src\main\java\construction\components\tools\ToolService.java
C:\Users\bruni\OneDrive\Área de Trabalho\Prog\PI4\clarifica-API\micro-management-contruction\src\main\java\construction\components\used_material\Material.java
C:\Users\bruni\OneDrive\Área de Trabalho\Prog\PI4\clarifica-API\micro-management-contruction\src\main\java\construction\components\used_material\MaterialCategory.java
C:\Users\bruni\OneDrive\Área de Trabalho\Prog\PI4\clarifica-API\micro-management-contruction\src\main\java\construction\components\used_material\MaterialDTO.java
C:\Users\bruni\OneDrive\Área de Trabalho\Prog\PI4\clarifica-API\micro-management-contruction\src\main\java\construction\components\used_material\MaterialRepository.java
C:\Users\bruni\OneDrive\Área de Trabalho\Prog\PI4\clarifica-API\micro-management-contruction\src\main\java\construction\components\used_material\MaterialService.java
C:\Users\bruni\OneDrive\Área de Trabalho\Prog\PI4\clarifica-API\micro-management-contruction\src\main\java\construction\components\used_material\MaterialUnit.java
C:\Users\bruni\OneDrive\Área de Trabalho\Prog\PI4\clarifica-API\micro-management-contruction\src\main\java\construction\CorsFilter.java
C:\Users\bruni\OneDrive\Área de Trabalho\Prog\PI4\clarifica-API\micro-management-contruction\src\main\java\construction\eletric\Eletric.java
C:\Users\bruni\OneDrive\Área de Trabalho\Prog\PI4\clarifica-API\micro-management-contruction\src\main\java\construction\eletric\EletricController.java
C:\Users\bruni\OneDrive\Área de Trabalho\Prog\PI4\clarifica-API\micro-management-contruction\src\main\java\construction\eletric\EletricDTO.java
C:\Users\bruni\OneDrive\Área de Trabalho\Prog\PI4\clarifica-API\micro-management-contruction\src\main\java\construction\eletric\EletricRepository.java
C:\Users\bruni\OneDrive\Área de Trabalho\Prog\PI4\clarifica-API\micro-management-contruction\src\main\java\construction\eletric\EletricService.java
C:\Users\bruni\OneDrive\Área de Trabalho\Prog\PI4\clarifica-API\micro-management-contruction\src\main\java\construction\eletric\entity_external\EletricExecutedService.java
C:\Users\bruni\OneDrive\Área de Trabalho\Prog\PI4\clarifica-API\micro-management-contruction\src\main\java\construction\eletric\entity_external\EletricExecutedServiceRepository.java
C:\Users\bruni\OneDrive\Área de Trabalho\Prog\PI4\clarifica-API\micro-management-contruction\src\main\java\construction\eletric\entity_external\EletricExecutedServiceService.java
C:\Users\bruni\OneDrive\Área de Trabalho\Prog\PI4\clarifica-API\micro-management-contruction\src\main\java\construction\eletric\entity_external\EletricMachinery.java
C:\Users\bruni\OneDrive\Área de Trabalho\Prog\PI4\clarifica-API\micro-management-contruction\src\main\java\construction\eletric\entity_external\EletricMachineryRepository.java
C:\Users\bruni\OneDrive\Área de Trabalho\Prog\PI4\clarifica-API\micro-management-contruction\src\main\java\construction\eletric\entity_external\EletricMachineryService.java
C:\Users\bruni\OneDrive\Área de Trabalho\Prog\PI4\clarifica-API\micro-management-contruction\src\main\java\construction\eletric\entity_external\EletricMaterial.java
C:\Users\bruni\OneDrive\Área de Trabalho\Prog\PI4\clarifica-API\micro-management-contruction\src\main\java\construction\eletric\entity_external\EletricMaterialRepository.java
C:\Users\bruni\OneDrive\Área de Trabalho\Prog\PI4\clarifica-API\micro-management-contruction\src\main\java\construction\eletric\entity_external\EletricMaterialService.java
C:\Users\bruni\OneDrive\Área de Trabalho\Prog\PI4\clarifica-API\micro-management-contruction\src\main\java\construction\eletric\entity_external\EletricPhotoRecord.java
C:\Users\bruni\OneDrive\Área de Trabalho\Prog\PI4\clarifica-API\micro-management-contruction\src\main\java\construction\eletric\entity_external\EletricPhotoRecordRepository.java
C:\Users\bruni\OneDrive\Área de Trabalho\Prog\PI4\clarifica-API\micro-management-contruction\src\main\java\construction\eletric\entity_external\EletricPhotoRecordService.java
C:\Users\bruni\OneDrive\Área de Trabalho\Prog\PI4\clarifica-API\micro-management-contruction\src\main\java\construction\eletric\entity_external\EletricTeamMember.java
C:\Users\bruni\OneDrive\Área de Trabalho\Prog\PI4\clarifica-API\micro-management-contruction\src\main\java\construction\eletric\entity_external\EletricTeamMemberRepository.java
C:\Users\bruni\OneDrive\Área de Trabalho\Prog\PI4\clarifica-API\micro-management-contruction\src\main\java\construction\eletric\entity_external\EletricTeamMemberService.java
C:\Users\bruni\OneDrive\Área de Trabalho\Prog\PI4\clarifica-API\micro-management-contruction\src\main\java\construction\eletric\entity_external\EletricTool.java
C:\Users\bruni\OneDrive\Área de Trabalho\Prog\PI4\clarifica-API\micro-management-contruction\src\main\java\construction\eletric\entity_external\EletricToolRepository.java
C:\Users\bruni\OneDrive\Área de Trabalho\Prog\PI4\clarifica-API\micro-management-contruction\src\main\java\construction\eletric\entity_external\EletricToolService.java
C:\Users\bruni\OneDrive\Área de Trabalho\Prog\PI4\clarifica-API\micro-management-contruction\src\main\java\construction\finishing\entity_external\FinishingExecutedService.java
C:\Users\bruni\OneDrive\Área de Trabalho\Prog\PI4\clarifica-API\micro-management-contruction\src\main\java\construction\finishing\entity_external\FinishingExecutedServiceRepository.java
C:\Users\bruni\OneDrive\Área de Trabalho\Prog\PI4\clarifica-API\micro-management-contruction\src\main\java\construction\finishing\entity_external\FinishingExecutedServiceService.java
C:\Users\bruni\OneDrive\Área de Trabalho\Prog\PI4\clarifica-API\micro-management-contruction\src\main\java\construction\finishing\entity_external\FinishingMachinery.java
C:\Users\bruni\OneDrive\Área de Trabalho\Prog\PI4\clarifica-API\micro-management-contruction\src\main\java\construction\finishing\entity_external\FinishingMachineryRepository.java
C:\Users\bruni\OneDrive\Área de Trabalho\Prog\PI4\clarifica-API\micro-management-contruction\src\main\java\construction\finishing\entity_external\FinishingMachineryService.java
C:\Users\bruni\OneDrive\Área de Trabalho\Prog\PI4\clarifica-API\micro-management-contruction\src\main\java\construction\finishing\entity_external\FinishingMaterial.java
C:\Users\bruni\OneDrive\Área de Trabalho\Prog\PI4\clarifica-API\micro-management-contruction\src\main\java\construction\finishing\entity_external\FinishingMaterialRepository.java
C:\Users\bruni\OneDrive\Área de Trabalho\Prog\PI4\clarifica-API\micro-management-contruction\src\main\java\construction\finishing\entity_external\FinishingMaterialService.java
C:\Users\bruni\OneDrive\Área de Trabalho\Prog\PI4\clarifica-API\micro-management-contruction\src\main\java\construction\finishing\entity_external\FinishingPhotoRecord.java
C:\Users\bruni\OneDrive\Área de Trabalho\Prog\PI4\clarifica-API\micro-management-contruction\src\main\java\construction\finishing\entity_external\FinishingPhotoRecordRepository.java
C:\Users\bruni\OneDrive\Área de Trabalho\Prog\PI4\clarifica-API\micro-management-contruction\src\main\java\construction\finishing\entity_external\FinishingPhotoRecordService.java
C:\Users\bruni\OneDrive\Área de Trabalho\Prog\PI4\clarifica-API\micro-management-contruction\src\main\java\construction\finishing\entity_external\FinishingTeamMember.java
C:\Users\bruni\OneDrive\Área de Trabalho\Prog\PI4\clarifica-API\micro-management-contruction\src\main\java\construction\finishing\entity_external\FinishingTeamMemberRepository.java
C:\Users\bruni\OneDrive\Área de Trabalho\Prog\PI4\clarifica-API\micro-management-contruction\src\main\java\construction\finishing\entity_external\FinishingTeamMemberService.java
C:\Users\bruni\OneDrive\Área de Trabalho\Prog\PI4\clarifica-API\micro-management-contruction\src\main\java\construction\finishing\entity_external\FinishingTool.java
C:\Users\bruni\OneDrive\Área de Trabalho\Prog\PI4\clarifica-API\micro-management-contruction\src\main\java\construction\finishing\entity_external\FinishingToolRepository.java
C:\Users\bruni\OneDrive\Área de Trabalho\Prog\PI4\clarifica-API\micro-management-contruction\src\main\java\construction\finishing\entity_external\FinishingToolService.java
C:\Users\bruni\OneDrive\Área de Trabalho\Prog\PI4\clarifica-API\micro-management-contruction\src\main\java\construction\finishing\Finishing.java
C:\Users\bruni\OneDrive\Área de Trabalho\Prog\PI4\clarifica-API\micro-management-contruction\src\main\java\construction\finishing\FinishingController.java
C:\Users\bruni\OneDrive\Área de Trabalho\Prog\PI4\clarifica-API\micro-management-contruction\src\main\java\construction\finishing\FinishingDTO.java
C:\Users\bruni\OneDrive\Área de Trabalho\Prog\PI4\clarifica-API\micro-management-contruction\src\main\java\construction\finishing\FinishingRepository.java
C:\Users\bruni\OneDrive\Área de Trabalho\Prog\PI4\clarifica-API\micro-management-contruction\src\main\java\construction\finishing\FinishingService.java
C:\Users\bruni\OneDrive\Área de Trabalho\Prog\PI4\clarifica-API\micro-management-contruction\src\main\java\construction\foundation\entity_external\FoundationExecutedService.java
C:\Users\bruni\OneDrive\Área de Trabalho\Prog\PI4\clarifica-API\micro-management-contruction\src\main\java\construction\foundation\entity_external\FoundationExecutedServiceRepository.java
C:\Users\bruni\OneDrive\Área de Trabalho\Prog\PI4\clarifica-API\micro-management-contruction\src\main\java\construction\foundation\entity_external\FoundationExecutedServiceService.java
C:\Users\bruni\OneDrive\Área de Trabalho\Prog\PI4\clarifica-API\micro-management-contruction\src\main\java\construction\foundation\entity_external\FoundationMachinery.java
C:\Users\bruni\OneDrive\Área de Trabalho\Prog\PI4\clarifica-API\micro-management-contruction\src\main\java\construction\foundation\entity_external\FoundationMachineryRepository.java
C:\Users\bruni\OneDrive\Área de Trabalho\Prog\PI4\clarifica-API\micro-management-contruction\src\main\java\construction\foundation\entity_external\FoundationMachineryService.java
C:\Users\bruni\OneDrive\Área de Trabalho\Prog\PI4\clarifica-API\micro-management-contruction\src\main\java\construction\foundation\entity_external\FoundationMaterial.java
C:\Users\bruni\OneDrive\Área de Trabalho\Prog\PI4\clarifica-API\micro-management-contruction\src\main\java\construction\foundation\entity_external\FoundationMaterialRepository.java
C:\Users\bruni\OneDrive\Área de Trabalho\Prog\PI4\clarifica-API\micro-management-contruction\src\main\java\construction\foundation\entity_external\FoundationMaterialService.java
C:\Users\bruni\OneDrive\Área de Trabalho\Prog\PI4\clarifica-API\micro-management-contruction\src\main\java\construction\foundation\entity_external\FoundationPhotoRecord.java
C:\Users\bruni\OneDrive\Área de Trabalho\Prog\PI4\clarifica-API\micro-management-contruction\src\main\java\construction\foundation\entity_external\FoundationPhotoRecordRepository.java
C:\Users\bruni\OneDrive\Área de Trabalho\Prog\PI4\clarifica-API\micro-management-contruction\src\main\java\construction\foundation\entity_external\FoundationPhotoRecordService.java
C:\Users\bruni\OneDrive\Área de Trabalho\Prog\PI4\clarifica-API\micro-management-contruction\src\main\java\construction\foundation\entity_external\FoundationTeamMember.java
C:\Users\bruni\OneDrive\Área de Trabalho\Prog\PI4\clarifica-API\micro-management-contruction\src\main\java\construction\foundation\entity_external\FoundationTeamMemberRepository.java
C:\Users\bruni\OneDrive\Área de Trabalho\Prog\PI4\clarifica-API\micro-management-contruction\src\main\java\construction\foundation\entity_external\FoundationTeamMemberService.java
C:\Users\bruni\OneDrive\Área de Trabalho\Prog\PI4\clarifica-API\micro-management-contruction\src\main\java\construction\foundation\entity_external\FoundationTool.java
C:\Users\bruni\OneDrive\Área de Trabalho\Prog\PI4\clarifica-API\micro-management-contruction\src\main\java\construction\foundation\entity_external\FoundationToolRepository.java
C:\Users\bruni\OneDrive\Área de Trabalho\Prog\PI4\clarifica-API\micro-management-contruction\src\main\java\construction\foundation\entity_external\FoundationToolService.java
C:\Users\bruni\OneDrive\Área de Trabalho\Prog\PI4\clarifica-API\micro-management-contruction\src\main\java\construction\foundation\Foundation.java
C:\Users\bruni\OneDrive\Área de Trabalho\Prog\PI4\clarifica-API\micro-management-contruction\src\main\java\construction\foundation\FoundationController.java
C:\Users\bruni\OneDrive\Área de Trabalho\Prog\PI4\clarifica-API\micro-management-contruction\src\main\java\construction\foundation\FoundationDTO.java
C:\Users\bruni\OneDrive\Área de Trabalho\Prog\PI4\clarifica-API\micro-management-contruction\src\main\java\construction\foundation\FoundationRepository.java
C:\Users\bruni\OneDrive\Área de Trabalho\Prog\PI4\clarifica-API\micro-management-contruction\src\main\java\construction\foundation\FoundationService.java
C:\Users\bruni\OneDrive\Área de Trabalho\Prog\PI4\clarifica-API\micro-management-contruction\src\main\java\construction\GreetingResource.java
C:\Users\bruni\OneDrive\Área de Trabalho\Prog\PI4\clarifica-API\micro-management-contruction\src\main\java\construction\hydraulic\entity_external\HydraulicExecutedService.java
C:\Users\bruni\OneDrive\Área de Trabalho\Prog\PI4\clarifica-API\micro-management-contruction\src\main\java\construction\hydraulic\entity_external\HydraulicExecutedServiceRepository.java
C:\Users\bruni\OneDrive\Área de Trabalho\Prog\PI4\clarifica-API\micro-management-contruction\src\main\java\construction\hydraulic\entity_external\HydraulicExecutedServiceService.java
C:\Users\bruni\OneDrive\Área de Trabalho\Prog\PI4\clarifica-API\micro-management-contruction\src\main\java\construction\hydraulic\entity_external\HydraulicMachinery.java
C:\Users\bruni\OneDrive\Área de Trabalho\Prog\PI4\clarifica-API\micro-management-contruction\src\main\java\construction\hydraulic\entity_external\HydraulicMachineryRepository.java
C:\Users\bruni\OneDrive\Área de Trabalho\Prog\PI4\clarifica-API\micro-management-contruction\src\main\java\construction\hydraulic\entity_external\HydraulicMachineryService.java
C:\Users\bruni\OneDrive\Área de Trabalho\Prog\PI4\clarifica-API\micro-management-contruction\src\main\java\construction\hydraulic\entity_external\HydraulicMaterial.java
C:\Users\bruni\OneDrive\Área de Trabalho\Prog\PI4\clarifica-API\micro-management-contruction\src\main\java\construction\hydraulic\entity_external\HydraulicMaterialRepository.java
C:\Users\bruni\OneDrive\Área de Trabalho\Prog\PI4\clarifica-API\micro-management-contruction\src\main\java\construction\hydraulic\entity_external\HydraulicMaterialService.java
C:\Users\bruni\OneDrive\Área de Trabalho\Prog\PI4\clarifica-API\micro-management-contruction\src\main\java\construction\hydraulic\entity_external\HydraulicPhotoRecord.java
C:\Users\bruni\OneDrive\Área de Trabalho\Prog\PI4\clarifica-API\micro-management-contruction\src\main\java\construction\hydraulic\entity_external\HydraulicPhotoRecordRepository.java
C:\Users\bruni\OneDrive\Área de Trabalho\Prog\PI4\clarifica-API\micro-management-contruction\src\main\java\construction\hydraulic\entity_external\HydraulicPhotoRecordService.java
C:\Users\bruni\OneDrive\Área de Trabalho\Prog\PI4\clarifica-API\micro-management-contruction\src\main\java\construction\hydraulic\entity_external\HydraulicTeamMember.java
C:\Users\bruni\OneDrive\Área de Trabalho\Prog\PI4\clarifica-API\micro-management-contruction\src\main\java\construction\hydraulic\entity_external\HydraulicTeamMemberRepository.java
C:\Users\bruni\OneDrive\Área de Trabalho\Prog\PI4\clarifica-API\micro-management-contruction\src\main\java\construction\hydraulic\entity_external\HydraulicTeamMemberService.java
C:\Users\bruni\OneDrive\Área de Trabalho\Prog\PI4\clarifica-API\micro-management-contruction\src\main\java\construction\hydraulic\entity_external\HydraulicTool.java
C:\Users\bruni\OneDrive\Área de Trabalho\Prog\PI4\clarifica-API\micro-management-contruction\src\main\java\construction\hydraulic\entity_external\HydraulicToolRepository.java
C:\Users\bruni\OneDrive\Área de Trabalho\Prog\PI4\clarifica-API\micro-management-contruction\src\main\java\construction\hydraulic\entity_external\HydraulicToolService.java
C:\Users\bruni\OneDrive\Área de Trabalho\Prog\PI4\clarifica-API\micro-management-contruction\src\main\java\construction\hydraulic\Hydraulic.java
C:\Users\bruni\OneDrive\Área de Trabalho\Prog\PI4\clarifica-API\micro-management-contruction\src\main\java\construction\hydraulic\HydraulicController.java
C:\Users\bruni\OneDrive\Área de Trabalho\Prog\PI4\clarifica-API\micro-management-contruction\src\main\java\construction\hydraulic\HydraulicDTO.java
C:\Users\bruni\OneDrive\Área de Trabalho\Prog\PI4\clarifica-API\micro-management-contruction\src\main\java\construction\hydraulic\HydraulicRepository.java
C:\Users\bruni\OneDrive\Área de Trabalho\Prog\PI4\clarifica-API\micro-management-contruction\src\main\java\construction\hydraulic\HydraulicService.java
C:\Users\bruni\OneDrive\Área de Trabalho\Prog\PI4\clarifica-API\micro-management-contruction\src\main\java\construction\masonry\entity_external\MasonryExecutedService.java
C:\Users\bruni\OneDrive\Área de Trabalho\Prog\PI4\clarifica-API\micro-management-contruction\src\main\java\construction\masonry\entity_external\MasonryExecutedServiceRepository.java
C:\Users\bruni\OneDrive\Área de Trabalho\Prog\PI4\clarifica-API\micro-management-contruction\src\main\java\construction\masonry\entity_external\MasonryExecutedServiceService.java
C:\Users\bruni\OneDrive\Área de Trabalho\Prog\PI4\clarifica-API\micro-management-contruction\src\main\java\construction\masonry\entity_external\MasonryMachinery.java
C:\Users\bruni\OneDrive\Área de Trabalho\Prog\PI4\clarifica-API\micro-management-contruction\src\main\java\construction\masonry\entity_external\MasonryMachineryRepository.java
C:\Users\bruni\OneDrive\Área de Trabalho\Prog\PI4\clarifica-API\micro-management-contruction\src\main\java\construction\masonry\entity_external\MasonryMachineryService.java
C:\Users\bruni\OneDrive\Área de Trabalho\Prog\PI4\clarifica-API\micro-management-contruction\src\main\java\construction\masonry\entity_external\MasonryMaterial.java
C:\Users\bruni\OneDrive\Área de Trabalho\Prog\PI4\clarifica-API\micro-management-contruction\src\main\java\construction\masonry\entity_external\MasonryMaterialRepository.java
C:\Users\bruni\OneDrive\Área de Trabalho\Prog\PI4\clarifica-API\micro-management-contruction\src\main\java\construction\masonry\entity_external\MasonryMaterialService.java
C:\Users\bruni\OneDrive\Área de Trabalho\Prog\PI4\clarifica-API\micro-management-contruction\src\main\java\construction\masonry\entity_external\MasonryPhotoRecord.java
C:\Users\bruni\OneDrive\Área de Trabalho\Prog\PI4\clarifica-API\micro-management-contruction\src\main\java\construction\masonry\entity_external\MasonryPhotoRecordRepository.java
C:\Users\bruni\OneDrive\Área de Trabalho\Prog\PI4\clarifica-API\micro-management-contruction\src\main\java\construction\masonry\entity_external\MasonryPhotoRecordService.java
C:\Users\bruni\OneDrive\Área de Trabalho\Prog\PI4\clarifica-API\micro-management-contruction\src\main\java\construction\masonry\entity_external\MasonryTeamMember.java
C:\Users\bruni\OneDrive\Área de Trabalho\Prog\PI4\clarifica-API\micro-management-contruction\src\main\java\construction\masonry\entity_external\MasonryTeamMemberRepository.java
C:\Users\bruni\OneDrive\Área de Trabalho\Prog\PI4\clarifica-API\micro-management-contruction\src\main\java\construction\masonry\entity_external\MasonryTeamMemberService.java
C:\Users\bruni\OneDrive\Área de Trabalho\Prog\PI4\clarifica-API\micro-management-contruction\src\main\java\construction\masonry\entity_external\MasonryTool.java
C:\Users\bruni\OneDrive\Área de Trabalho\Prog\PI4\clarifica-API\micro-management-contruction\src\main\java\construction\masonry\entity_external\MasonryToolRepository.java
C:\Users\bruni\OneDrive\Área de Trabalho\Prog\PI4\clarifica-API\micro-management-contruction\src\main\java\construction\masonry\entity_external\MasonryToolService.java
C:\Users\bruni\OneDrive\Área de Trabalho\Prog\PI4\clarifica-API\micro-management-contruction\src\main\java\construction\masonry\Masonry.java
C:\Users\bruni\OneDrive\Área de Trabalho\Prog\PI4\clarifica-API\micro-management-contruction\src\main\java\construction\masonry\MasonryController.java
C:\Users\bruni\OneDrive\Área de Trabalho\Prog\PI4\clarifica-API\micro-management-contruction\src\main\java\construction\masonry\MasonryDTO.java
C:\Users\bruni\OneDrive\Área de Trabalho\Prog\PI4\clarifica-API\micro-management-contruction\src\main\java\construction\masonry\MasonryRepository.java
C:\Users\bruni\OneDrive\Área de Trabalho\Prog\PI4\clarifica-API\micro-management-contruction\src\main\java\construction\masonry\MasonryService.java
C:\Users\bruni\OneDrive\Área de Trabalho\Prog\PI4\clarifica-API\micro-management-contruction\src\main\java\construction\roofing\entity_external\RoofingExecutedService.java
C:\Users\bruni\OneDrive\Área de Trabalho\Prog\PI4\clarifica-API\micro-management-contruction\src\main\java\construction\roofing\entity_external\RoofingExecutedServiceRepository.java
C:\Users\bruni\OneDrive\Área de Trabalho\Prog\PI4\clarifica-API\micro-management-contruction\src\main\java\construction\roofing\entity_external\RoofingExecutedServiceService.java
C:\Users\bruni\OneDrive\Área de Trabalho\Prog\PI4\clarifica-API\micro-management-contruction\src\main\java\construction\roofing\entity_external\RoofingMachinery.java
C:\Users\bruni\OneDrive\Área de Trabalho\Prog\PI4\clarifica-API\micro-management-contruction\src\main\java\construction\roofing\entity_external\RoofingMachineryRepository.java
C:\Users\bruni\OneDrive\Área de Trabalho\Prog\PI4\clarifica-API\micro-management-contruction\src\main\java\construction\roofing\entity_external\RoofingMachineryService.java
C:\Users\bruni\OneDrive\Área de Trabalho\Prog\PI4\clarifica-API\micro-management-contruction\src\main\java\construction\roofing\entity_external\RoofingMaterial.java
C:\Users\bruni\OneDrive\Área de Trabalho\Prog\PI4\clarifica-API\micro-management-contruction\src\main\java\construction\roofing\entity_external\RoofingMaterialRepository.java
C:\Users\bruni\OneDrive\Área de Trabalho\Prog\PI4\clarifica-API\micro-management-contruction\src\main\java\construction\roofing\entity_external\RoofingMaterialService.java
C:\Users\bruni\OneDrive\Área de Trabalho\Prog\PI4\clarifica-API\micro-management-contruction\src\main\java\construction\roofing\entity_external\RoofingPhotoRecord.java
C:\Users\bruni\OneDrive\Área de Trabalho\Prog\PI4\clarifica-API\micro-management-contruction\src\main\java\construction\roofing\entity_external\RoofingPhotoRecordRepository.java
C:\Users\bruni\OneDrive\Área de Trabalho\Prog\PI4\clarifica-API\micro-management-contruction\src\main\java\construction\roofing\entity_external\RoofingPhotoRecordService.java
C:\Users\bruni\OneDrive\Área de Trabalho\Prog\PI4\clarifica-API\micro-management-contruction\src\main\java\construction\roofing\entity_external\RoofingTeamMember.java
C:\Users\bruni\OneDrive\Área de Trabalho\Prog\PI4\clarifica-API\micro-management-contruction\src\main\java\construction\roofing\entity_external\RoofingTeamMemberRepository.java
C:\Users\bruni\OneDrive\Área de Trabalho\Prog\PI4\clarifica-API\micro-management-contruction\src\main\java\construction\roofing\entity_external\RoofingTeamMemberService.java
C:\Users\bruni\OneDrive\Área de Trabalho\Prog\PI4\clarifica-API\micro-management-contruction\src\main\java\construction\roofing\entity_external\RoofingTool.java
C:\Users\bruni\OneDrive\Área de Trabalho\Prog\PI4\clarifica-API\micro-management-contruction\src\main\java\construction\roofing\entity_external\RoofingToolRepository.java
C:\Users\bruni\OneDrive\Área de Trabalho\Prog\PI4\clarifica-API\micro-management-contruction\src\main\java\construction\roofing\entity_external\RoofingToolService.java
C:\Users\bruni\OneDrive\Área de Trabalho\Prog\PI4\clarifica-API\micro-management-contruction\src\main\java\construction\roofing\Roofing.java
C:\Users\bruni\OneDrive\Área de Trabalho\Prog\PI4\clarifica-API\micro-management-contruction\src\main\java\construction\roofing\RoofingController.java
C:\Users\bruni\OneDrive\Área de Trabalho\Prog\PI4\clarifica-API\micro-management-contruction\src\main\java\construction\roofing\RoofingDTO.java
C:\Users\bruni\OneDrive\Área de Trabalho\Prog\PI4\clarifica-API\micro-management-contruction\src\main\java\construction\roofing\RoofingRepository.java
C:\Users\bruni\OneDrive\Área de Trabalho\Prog\PI4\clarifica-API\micro-management-contruction\src\main\java\construction\roofing\RoofingService.java
C:\Users\bruni\OneDrive\Área de Trabalho\Prog\PI4\clarifica-API\micro-management-contruction\src\main\java\construction\service\AbstractPhaseComponentService.java
C:\Users\bruni\OneDrive\Área de Trabalho\Prog\PI4\clarifica-API\micro-management-contruction\src\main\java\construction\structure\entity_external\StructureExecutedService.java
C:\Users\bruni\OneDrive\Área de Trabalho\Prog\PI4\clarifica-API\micro-management-contruction\src\main\java\construction\structure\entity_external\StructureExecutedServiceRepository.java
C:\Users\bruni\OneDrive\Área de Trabalho\Prog\PI4\clarifica-API\micro-management-contruction\src\main\java\construction\structure\entity_external\StructureExecutedServiceService.java
C:\Users\bruni\OneDrive\Área de Trabalho\Prog\PI4\clarifica-API\micro-management-contruction\src\main\java\construction\structure\entity_external\StructureMachinery.java
C:\Users\bruni\OneDrive\Área de Trabalho\Prog\PI4\clarifica-API\micro-management-contruction\src\main\java\construction\structure\entity_external\StructureMachineryRepository.java
C:\Users\bruni\OneDrive\Área de Trabalho\Prog\PI4\clarifica-API\micro-management-contruction\src\main\java\construction\structure\entity_external\StructureMachineryService.java
C:\Users\bruni\OneDrive\Área de Trabalho\Prog\PI4\clarifica-API\micro-management-contruction\src\main\java\construction\structure\entity_external\StructureMaterial.java
C:\Users\bruni\OneDrive\Área de Trabalho\Prog\PI4\clarifica-API\micro-management-contruction\src\main\java\construction\structure\entity_external\StructureMaterialRepository.java
C:\Users\bruni\OneDrive\Área de Trabalho\Prog\PI4\clarifica-API\micro-management-contruction\src\main\java\construction\structure\entity_external\StructureMaterialService.java
C:\Users\bruni\OneDrive\Área de Trabalho\Prog\PI4\clarifica-API\micro-management-contruction\src\main\java\construction\structure\entity_external\StructurePhotoRecord.java
C:\Users\bruni\OneDrive\Área de Trabalho\Prog\PI4\clarifica-API\micro-management-contruction\src\main\java\construction\structure\entity_external\StructurePhotoRecordRepository.java
C:\Users\bruni\OneDrive\Área de Trabalho\Prog\PI4\clarifica-API\micro-management-contruction\src\main\java\construction\structure\entity_external\StructurePhotoRecordService.java
C:\Users\bruni\OneDrive\Área de Trabalho\Prog\PI4\clarifica-API\micro-management-contruction\src\main\java\construction\structure\entity_external\StructureTeamMember.java
C:\Users\bruni\OneDrive\Área de Trabalho\Prog\PI4\clarifica-API\micro-management-contruction\src\main\java\construction\structure\entity_external\StructureTeamMemberRepository.java
C:\Users\bruni\OneDrive\Área de Trabalho\Prog\PI4\clarifica-API\micro-management-contruction\src\main\java\construction\structure\entity_external\StructureTeamMemberService.java
C:\Users\bruni\OneDrive\Área de Trabalho\Prog\PI4\clarifica-API\micro-management-contruction\src\main\java\construction\structure\entity_external\StructureTool.java
C:\Users\bruni\OneDrive\Área de Trabalho\Prog\PI4\clarifica-API\micro-management-contruction\src\main\java\construction\structure\entity_external\StructureToolRepository.java
C:\Users\bruni\OneDrive\Área de Trabalho\Prog\PI4\clarifica-API\micro-management-contruction\src\main\java\construction\structure\entity_external\StructureToolService.java
C:\Users\bruni\OneDrive\Área de Trabalho\Prog\PI4\clarifica-API\micro-management-contruction\src\main\java\construction\structure\Structure.java
C:\Users\bruni\OneDrive\Área de Trabalho\Prog\PI4\clarifica-API\micro-management-contruction\src\main\java\construction\structure\StructureController.java
C:\Users\bruni\OneDrive\Área de Trabalho\Prog\PI4\clarifica-API\micro-management-contruction\src\main\java\construction\structure\StructureDTO.java
C:\Users\bruni\OneDrive\Área de Trabalho\Prog\PI4\clarifica-API\micro-management-contruction\src\main\java\construction\structure\StructureRepository.java
C:\Users\bruni\OneDrive\Área de Trabalho\Prog\PI4\clarifica-API\micro-management-contruction\src\main\java\construction\structure\StructureService.java
C:\Users\bruni\OneDrive\Área de Trabalho\Prog\PI4\clarifica-API\micro-management-contruction\src\main\java\construction\terrain_preparation\entity_external\TerrainPreparationExecutedRepository.java
C:\Users\bruni\OneDrive\Área de Trabalho\Prog\PI4\clarifica-API\micro-management-contruction\src\main\java\construction\terrain_preparation\entity_external\TerrainPreparationExecutedService.java
C:\Users\bruni\OneDrive\Área de Trabalho\Prog\PI4\clarifica-API\micro-management-contruction\src\main\java\construction\terrain_preparation\entity_external\TerrainPreparationExecutedServiceService.java
C:\Users\bruni\OneDrive\Área de Trabalho\Prog\PI4\clarifica-API\micro-management-contruction\src\main\java\construction\terrain_preparation\entity_external\TerrainPreparationGeneralInformation.java
C:\Users\bruni\OneDrive\Área de Trabalho\Prog\PI4\clarifica-API\micro-management-contruction\src\main\java\construction\terrain_preparation\entity_external\TerrainPreparationGeneralInformationRepository.java
C:\Users\bruni\OneDrive\Área de Trabalho\Prog\PI4\clarifica-API\micro-management-contruction\src\main\java\construction\terrain_preparation\entity_external\TerrainPreparationGeneralInformationService.java
C:\Users\bruni\OneDrive\Área de Trabalho\Prog\PI4\clarifica-API\micro-management-contruction\src\main\java\construction\terrain_preparation\entity_external\TerrainPreparationMachinery.java
C:\Users\bruni\OneDrive\Área de Trabalho\Prog\PI4\clarifica-API\micro-management-contruction\src\main\java\construction\terrain_preparation\entity_external\TerrainPreparationMachineryRepository.java
C:\Users\bruni\OneDrive\Área de Trabalho\Prog\PI4\clarifica-API\micro-management-contruction\src\main\java\construction\terrain_preparation\entity_external\TerrainPreparationMachineryService.java
C:\Users\bruni\OneDrive\Área de Trabalho\Prog\PI4\clarifica-API\micro-management-contruction\src\main\java\construction\terrain_preparation\entity_external\TerrainPreparationMaterial.java
C:\Users\bruni\OneDrive\Área de Trabalho\Prog\PI4\clarifica-API\micro-management-contruction\src\main\java\construction\terrain_preparation\entity_external\TerrainPreparationMaterialRepository.java
C:\Users\bruni\OneDrive\Área de Trabalho\Prog\PI4\clarifica-API\micro-management-contruction\src\main\java\construction\terrain_preparation\entity_external\TerrainPreparationMaterialService.java
C:\Users\bruni\OneDrive\Área de Trabalho\Prog\PI4\clarifica-API\micro-management-contruction\src\main\java\construction\terrain_preparation\entity_external\TerrainPreparationPhotoRecord.java
C:\Users\bruni\OneDrive\Área de Trabalho\Prog\PI4\clarifica-API\micro-management-contruction\src\main\java\construction\terrain_preparation\entity_external\TerrainPreparationPhotoRecordRepository.java
C:\Users\bruni\OneDrive\Área de Trabalho\Prog\PI4\clarifica-API\micro-management-contruction\src\main\java\construction\terrain_preparation\entity_external\TerrainPreparationPhotoRecordService.java
C:\Users\bruni\OneDrive\Área de Trabalho\Prog\PI4\clarifica-API\micro-management-contruction\src\main\java\construction\terrain_preparation\entity_external\TerrainPreparationTeamMember.java
C:\Users\bruni\OneDrive\Área de Trabalho\Prog\PI4\clarifica-API\micro-management-contruction\src\main\java\construction\terrain_preparation\entity_external\TerrainPreparationTeamMemberRepository.java
C:\Users\bruni\OneDrive\Área de Trabalho\Prog\PI4\clarifica-API\micro-management-contruction\src\main\java\construction\terrain_preparation\entity_external\TerrainPreparationTeamMemberService.java
C:\Users\bruni\OneDrive\Área de Trabalho\Prog\PI4\clarifica-API\micro-management-contruction\src\main\java\construction\terrain_preparation\entity_external\TerrainPreparationTool.java
C:\Users\bruni\OneDrive\Área de Trabalho\Prog\PI4\clarifica-API\micro-management-contruction\src\main\java\construction\terrain_preparation\entity_external\TerrainPreparationToolRepository.java
C:\Users\bruni\OneDrive\Área de Trabalho\Prog\PI4\clarifica-API\micro-management-contruction\src\main\java\construction\terrain_preparation\entity_external\TerrainPreparationToolService.java
C:\Users\bruni\OneDrive\Área de Trabalho\Prog\PI4\clarifica-API\micro-management-contruction\src\main\java\construction\terrain_preparation\TerrainPreparation.java
C:\Users\bruni\OneDrive\Área de Trabalho\Prog\PI4\clarifica-API\micro-management-contruction\src\main\java\construction\terrain_preparation\TerrainPreparationController.java
C:\Users\bruni\OneDrive\Área de Trabalho\Prog\PI4\clarifica-API\micro-management-contruction\src\main\java\construction\terrain_preparation\TerrainPreparationDTO.java
C:\Users\bruni\OneDrive\Área de Trabalho\Prog\PI4\clarifica-API\micro-management-contruction\src\main\java\construction\terrain_preparation\TerrainPreparationRepository.java
C:\Users\bruni\OneDrive\Área de Trabalho\Prog\PI4\clarifica-API\micro-management-contruction\src\main\java\construction\terrain_preparation\TerrainPreparationService.java
C:\Users\bruni\OneDrive\Área de Trabalho\Prog\PI4\clarifica-API\micro-management-contruction\src\main\java\construction\user\User.java
C:\Users\bruni\OneDrive\Área de Trabalho\Prog\PI4\clarifica-API\micro-management-contruction\src\main\java\construction\user\UserController.java
C:\Users\bruni\OneDrive\Área de Trabalho\Prog\PI4\clarifica-API\micro-management-contruction\src\main\java\construction\user\UserDTO.java
C:\Users\bruni\OneDrive\Área de Trabalho\Prog\PI4\clarifica-API\micro-management-contruction\src\main\java\construction\user\UserRepository.java
C:\Users\bruni\OneDrive\Área de Trabalho\Prog\PI4\clarifica-API\micro-management-contruction\src\main\java\construction\user\UserRole.java
C:\Users\bruni\OneDrive\Área de Trabalho\Prog\PI4\clarifica-API\micro-management-contruction\src\main\java\construction\user\UserService.java
